## Vim

VIM - Vi IMproved 8.2 (2019 Dec 12, compiled Jun 25 2020 22:52:40)
MS-Windows 64 ビット GUI/コンソール 版 with OLE サポート
適用済パッチ: 1-1058

## git
git --version
git version 2.27.0.windows.1
hub version 2.14.2

## dein toml

[[plugins]] # カラースキーム
repo = 'kaicataldo/material.vim'

## 更新前
$ pwd
C:\Users\tsuyoshi\.cache\dein\repos\github.com\kaicataldo\material.vim

$ git log -1
commit ec9c95a4985da74930fafc2e52a758015e676e01 (HEAD -> master, origin/master, origin/HEAD)
Author: Konstantin <mail@konstantin.io>
Date:   Fri May 29 22:18:04 2020 +0200

    fix diff highlight (#47)

    * fix diff highlight

    * copied comment from nord-vim

    * link diffChanged

$ git remote -vv
origin  https://github.com/kaicataldo/material.vim (fetch)
origin  git@github.com:kaicataldo/material.vim (push)

$ git branch -vv
* master ec9c95a [origin/master] fix diff highlight (#47)

## 更新
:call dein#update('material.vim')

## ログ
[dein] Update started: (2020/06/27 16:15:54)
[dein] C:/Users/tsuyoshi/.cache/dein/repos/github.com/kaicataldo/material.vim
[dein] From https://github.com/kaicataldo/material.vim
[dein]  - [deleted]         (none)     -> origin/master
[dein]    (refs/remotes/origin/HEAD has become dangling)
[dein]  * [new branch]      main       -> origin/main
[dein] Your configuration specifies to merge with the ref 'refs/heads/master'
[dein] from the remote, but no such ref was fetched.
[dein] Error installing plugins:
[dein]   material.vim
[dein] Please read the error message log with the :message command.
[dein] Done: (2020/06/27 16:18:35)

## 更新後
$ git log -1
commit ec9c95a4985da74930fafc2e52a758015e676e01 (HEAD -> master, origin/main)
Author: Konstantin <mail@konstantin.io>
Date:   Fri May 29 22:18:04 2020 +0200

    fix diff highlight (#47)

    * fix diff highlight

    * copied comment from nord-vim

    * link diffChanged

$ git branch -vv
* master ec9c95a [origin/master: gone] fix diff highlight (#47)

$ git remote -vv
origin  https://github.com/kaicataldo/material.vim (fetch)
origin  git@github.com:kaicataldo/material.vim (push)

$  git branch -a
warning: ignoring broken ref refs/remotes/origin/HEAD
* master
  remotes/origin/main
