$ mkdir black-sample

$ cd black-sample/
.  ..

$ pipenv --python 3.8
Creating a virtualenv for this project...
Pipfile: /home/conao/dev/tmp/python/black-sample/Pipfile
Using /home/conao/.anyenv/envs/pyenv/versions/3.8.6/bin/python3.8 (3.8.6) to create virtualenv...
â ¹ Creating virtual environment...created virtual environment CPython3.8.6.final.0-64 in 112ms
  creator CPython3Posix(dest=/home/conao/.local/share/virtualenvs/black-sample-I_-HVBMI, clear=False, no_vcs_ignore=False, global=False)
  seeder FromAppData(download=False, pip=bundle, setuptools=bundle, wheel=bundle, via=copy, app_data_dir=/home/conao/.local/share/virtualenv)
    added seed packages: pip==20.3.3, setuptools==51.3.3, wheel==0.36.2
  activators BashActivator,CShellActivator,FishActivator,PowerShellActivator,PythonActivator,XonshActivator

âœ” Successfully created virtual environment! 
Virtualenv location: /home/conao/.local/share/virtualenvs/black-sample-I_-HVBMI
Creating a Pipfile for this project...
$ pipenv install --dev black
Installing black...
Adding black to Pipfile's [dev-packages]...
âœ” Installation Succeeded 
Pipfile.lock not found, creating...
Locking [dev-packages] dependencies...
Building requirements...
Resolving dependencies...
âœ˜ Locking Failed! 
[ResolutionFailure]:   File "/home/conao/.anyenv/envs/pyenv/versions/3.8.6/lib/python3.8/site-packages/pipenv/resolver.py", line 741, in _main
[ResolutionFailure]:       resolve_packages(pre, clear, verbose, system, write, requirements_dir, packages, dev)
[ResolutionFailure]:   File "/home/conao/.anyenv/envs/pyenv/versions/3.8.6/lib/python3.8/site-packages/pipenv/resolver.py", line 702, in resolve_packages
[ResolutionFailure]:       results, resolver = resolve(
[ResolutionFailure]:   File "/home/conao/.anyenv/envs/pyenv/versions/3.8.6/lib/python3.8/site-packages/pipenv/resolver.py", line 684, in resolve
[ResolutionFailure]:       return resolve_deps(
[ResolutionFailure]:   File "/home/conao/.anyenv/envs/pyenv/versions/3.8.6/lib/python3.8/site-packages/pipenv/utils.py", line 1395, in resolve_deps
[ResolutionFailure]:       results, hashes, markers_lookup, resolver, skipped = actually_resolve_deps(
[ResolutionFailure]:   File "/home/conao/.anyenv/envs/pyenv/versions/3.8.6/lib/python3.8/site-packages/pipenv/utils.py", line 1108, in actually_resolve_deps
[ResolutionFailure]:       resolver.resolve()
[ResolutionFailure]:   File "/home/conao/.anyenv/envs/pyenv/versions/3.8.6/lib/python3.8/site-packages/pipenv/utils.py", line 833, in resolve
[ResolutionFailure]:       raise ResolutionFailure(message=str(e))
[pipenv.exceptions.ResolutionFailure]: Warning: Your dependencies could not be resolved. You likely have a mismatch in your sub-dependencies.
  First try clearing your dependency cache with $ pipenv lock --clear, then try the original command again.
 Alternatively, you can use $ pipenv install --skip-lock to bypass this mechanism, then run $ pipenv graph to inspect the situation.
  Hint: try $ pipenv lock --pre if it is a pre-release dependency.
ERROR: Could not find a version that matches black (from -r /tmp/pipenvv959w4d8requirements/pipenv-2h5amipk-constraints.txt (line 2))
Skipped pre-versions: 18.3a0, 18.3a0, 18.3a1, 18.3a1, 18.3a2, 18.3a2, 18.3a3, 18.3a3, 18.3a4, 18.3a4, 18.4a0, 18.4a0, 18.4a1, 18.4a1, 18.4a2, 18.4a2, 18.4a3, 18.4a3, 18.4a4, 18.4a4, 18.5b0, 18.5b0, 18.5b1, 18.5b1, 18.6b0, 18.6b0, 18.6b1, 18.6b1, 18.6b2, 18.6b2, 18.6b3, 18.6b3, 18.6b4, 18.6b4, 18.9b0, 18.9b0, 19.3b0, 19.3b0, 19.10b0, 19.10b0, 20.8b0, 20.8b1
There are incompatible versions in the resolved dependencies:

$ pipenv install --dev --skip-lock black
Installing black...
Adding black to Pipfile's [dev-packages]...
âœ” Installation Succeeded 
Installing dependencies from Pipfile...
  ðŸ   â–‰â–‰â–‰â–‰â–‰â–‰â–‰â–‰â–‰â–‰â–‰â–‰â–‰â–‰â–‰â–‰â–‰â–‰â–‰â–‰â–‰â–‰â–‰â–‰â–‰â–‰â–‰â–‰â–‰â–‰â–‰â–‰ 0/0 â€” 00:00:00
To activate this project's virtualenv, run pipenv shell.
Alternatively, run a command inside the virtualenv with pipenv run.

$ pipenv graph
black==20.8b1
  - appdirs [required: Any, installed: 1.4.4]
  - click [required: >=7.1.2, installed: 7.1.2]
  - mypy-extensions [required: >=0.4.3, installed: 0.4.3]
  - pathspec [required: >=0.6,<1, installed: 0.8.1]
  - regex [required: >=2020.1.8, installed: 2020.11.13]
  - toml [required: >=0.10.1, installed: 0.10.2]
  - typed-ast [required: >=1.4.0, installed: 1.4.2]
  - typing-extensions [required: >=3.7.4, installed: 3.7.4.3]