[{"type":"message","user":"U01NHAYE0BV","text":"\u003c@U01NHAYE0BV\u003e has joined the channel","ts":"1613626911.350100","subtype":"channel_join","replace_original":false,"delete_original":false,"blocks":null},{"client_msg_id":"2083aee3-cb14-4dd9-8ecd-564fb5a04978","type":"message","user":"UGJG6S9JM","text":"確かに多いかも…","ts":"1613609695.349700","team":"T03C4RC8V","replace_original":false,"delete_original":false,"blocks":[{"type":"rich_text","block_id":"E3=Dw"}]},{"client_msg_id":"f3b1b285-f082-40d6-94fd-f0fc0c3c50c6","type":"message","user":"UGJG6S9JM","text":"まだ数ヶ月しか使ってない M1 MacBook Air\n```Percentage Used:                    0%\nData Units Read:                    19,092,545 [9.77 TB]\nData Units Written:                 14,999,029 [7.67 TB]```","ts":"1613609691.349400","edited":{"user":"UGJG6S9JM","ts":"1613609722.000000"},"team":"T03C4RC8V","replace_original":false,"delete_original":false,"blocks":[{"type":"rich_text","block_id":"hh6F"}]},{"client_msg_id":"2234ff47-a0aa-4409-b634-7fced85f9a44","type":"message","user":"UGJG6S9JM","text":"数年つかってる iMac Pro\n```Percentage Used:                    1%\nData Units Read:                    61,045,720 [31.2 TB]\nData Units Written:                 106,207,065 [54.3 TB]```","ts":"1613609622.349200","edited":{"user":"UGJG6S9JM","ts":"1613609708.000000"},"team":"T03C4RC8V","replace_original":false,"delete_original":false,"blocks":[{"type":"rich_text","block_id":"Kpl"}]},{"client_msg_id":"793d8c7b-747b-4955-8cfe-fdaab9c5b0b2","type":"message","user":"UGJG6S9JM","text":"自分のはそんなことなかった","ts":"1613608650.349000","team":"T03C4RC8V","replace_original":false,"delete_original":false,"blocks":[{"type":"rich_text","block_id":"6c6Qq"}]},{"client_msg_id":"191088b9-4f7d-4cfa-8ef7-8550329d5393","type":"message","user":"U06BRP8VD","text":"普通に考えたらRosetta2がらみかなぁ、とは憶測しますが…","ts":"1613608538.348700","team":"T03C4RC8V","replace_original":false,"delete_original":false,"blocks":[{"type":"rich_text","block_id":"br3"}]},{"client_msg_id":"e7958e5e-5947-4e68-8105-ecfe446613cf","type":"message","user":"U01AQ5BFNLX","text":"どうしてこうなるんだ…\n\u003chttps://gori.me/macbookair/133030\u003e","ts":"1613608455.348000","attachments":[{"fallback":"ゴリミー: 一部のM1 Macに異常なスワップが発生か　SSD寿命に影響の恐れ | ゴリミー","id":1,"title":"一部のM1 Macに異常なスワップが発生か　SSD寿命に影響の恐れ | ゴリミー","title_link":"https://gori.me/macbookair/133030","text":"一部のM1チップ搭載Macで、SSDに異常なスワップの発生が報告されている。SSDの寿命への影響が懸念される。問題を報告しているユーザーのMac内蔵ドライブ（HDDまたはSSD）の正常性を記録するS.M.A.R.T.情報によると、使用開始2カ月で書き込みデータ量が1〜4％に達してるという。","image_url":"https://gori.me/uploads/2020/11/MacBook-Pro-2020-M1-First-Impression-19-800x600.jpeg","blocks":null,"ts":1613461491,"service_name":"ゴリミー","service_icon":"https://gori.me/wp-content/themes/gorime-2019/images/apple-touch-icon-180x180.png","from_url":"https://gori.me/macbookair/133030","original_url":"https://gori.me/macbookair/133030"}],"team":"T03C4RC8V","replace_original":false,"delete_original":false,"blocks":[{"type":"rich_text","block_id":"DK5pt"}]}]
